bash: cannot set terminal process group (-1): Inappropriate ioctl for device
bash: no job control in this shell
CUDA compat package should be installed for NVIDIA driver smaller than 550.163.01
Current installed NVIDIA driver version is 595.91.07
Skipping CUDA compat setup as newer NVIDIA driver is installed
2026-10-02 16:28:15,860 sagemaker-training-toolkit INFO     Imported framework sagemaker_pytorch_container.training
2026-10-02 16:28:15,885 sagemaker-training-toolkit INFO     No Neurons detected (normal if no neurons installed)
2026-10-02 16:28:15,895 sagemaker_pytorch_container.training INFO     Block until all host DNS lookups succeed.
2026-10-02 16:28:15,898 sagemaker_pytorch_container.training INFO     Invoking user training script.
2026-10-02 16:28:17,676 sagemaker-training-toolkit INFO     Installing dependencies from requirements.txt
Collecting transformers==5.18.0 (from -r requirements.txt (line 1))
Downloading transformers-5.18.0-py3-none-any.whl.metadata (32 kB)
Collecting trl==1.14.1 (from -r requirements.txt (line 2))
Downloading trl-1.14.1-py3-none-any.whl.metadata (12 kB)
Collecting peft==0.21.2 (from -r requirements.txt (line 3))
Downloading peft-0.21.2-py3-none-any.whl.metadata (15 kB)
Requirement already satisfied: accelerate>=1.4.0 in /opt/conda/lib/python3.11/site-packages (from -r requirements.txt (line 4)) (1.9.0)
Collecting datasets>=4.7.0 (from -r requirements.txt (line 5))
Downloading datasets-5.0.1-py3-none-any.whl.metadata (23 kB)
Collecting huggingface-hub<3.0,>=1.31.0 (from transformers==5.18.0->-r requirements.txt (line 1))
Downloading huggingface_hub-2.1.1-py3-none-any.whl.metadata (16 kB)
Requirement already satisfied: numpy>=1.17 in /opt/conda/lib/python3.11/site-packages (from transformers==5.18.0->-r requirements.txt (line 1)) (1.26.4)
Requirement already satisfied: packaging>=20.0 in /opt/conda/lib/python3.11/site-packages (from transformers==5.18.0->-r requirements.txt (line 1)) (24.1)
Requirement already satisfied: pyyaml>=5.1 in /opt/conda/lib/python3.11/site-packages (from transformers==5.18.0->-r requirements.txt (line 1)) (6.0.2)
Collecting regex>=2025.10.22 (from transformers==5.18.0->-r requirements.txt (line 1))
Downloading regex-2026.9.29-cp311-cp311-manylinux2014_x86_64.manylinux_2_17_x86_64.manylinux_2_28_x86_64.whl.metadata (40 kB)
Collecting tokenizers<0.24.0,>=0.23.1 (from transformers==5.18.0->-r requirements.txt (line 1))
Downloading tokenizers-0.23.2-cp310-abi3-manylinux_2_17_x86_64.manylinux2014_x86_64.whl.metadata (9.8 kB)
Requirement already satisfied: typer in /opt/conda/lib/python3.11/site-packages (from transformers==5.18.0->-r requirements.txt (line 1)) (0.16.0)
Collecting safetensors>=0.8.0 (from transformers==5.18.0->-r requirements.txt (line 1))
Downloading safetensors-0.8.0-cp310-abi3-manylinux_2_17_x86_64.manylinux2014_x86_64.whl.metadata (4.2 kB)
Requirement already satisfied: tqdm>=4.60 in /opt/conda/lib/python3.11/site-packages (from transformers==5.18.0->-r requirements.txt (line 1)) (4.66.5)
Requirement already satisfied: jinja2 in /opt/conda/lib/python3.11/site-packages (from trl==1.14.1->-r requirements.txt (line 2)) (3.1.6)
Requirement already satisfied: psutil in /opt/conda/lib/python3.11/site-packages (from peft==0.21.2->-r requirements.txt (line 3)) (7.0.0)
Requirement already satisfied: torch>=1.13.0 in /opt/conda/lib/python3.11/site-packages (from peft==0.21.2->-r requirements.txt (line 3)) (2.5.1+cu124)
Collecting click<9.0.0,>=8.4.2 (from huggingface-hub<3.0,>=1.31.0->transformers==5.18.0->-r requirements.txt (line 1))
Downloading click-8.5.0-py3-none-any.whl.metadata (2.6 kB)
Requirement already satisfied: filelock>=3.10.0 in /opt/conda/lib/python3.11/site-packages (from huggingface-hub<3.0,>=1.31.0->transformers==5.18.0->-r requirements.txt (line 1)) (3.18.0)
Requirement already satisfied: fsspec>=2023.5.0 in /opt/conda/lib/python3.11/site-packages (from huggingface-hub<3.0,>=1.31.0->transformers==5.18.0->-r requirements.txt (line 1)) (2025.7.0)
Collecting hf-xet<2.0.0,>=1.6.0 (from huggingface-hub<3.0,>=1.31.0->transformers==5.18.0->-r requirements.txt (line 1))
Downloading hf_xet-1.6.0-cp38-abi3-manylinux2014_x86_64.manylinux_2_17_x86_64.whl.metadata (4.9 kB)
Collecting httpx2<3,>=2.0.0 (from huggingface-hub<3.0,>=1.31.0->transformers==5.18.0->-r requirements.txt (line 1))
Downloading httpx2-2.13.1-py3-none-any.whl.metadata (9.8 kB)
Requirement already satisfied: typing-extensions>=4.1.0 in /opt/conda/lib/python3.11/site-packages (from huggingface-hub<3.0,>=1.31.0->transformers==5.18.0->-r requirements.txt (line 1)) (4.14.1)
Collecting anyio>=4.10 (from httpx2<3,>=2.0.0->huggingface-hub<3.0,>=1.31.0->transformers==5.18.0->-r requirements.txt (line 1))
Downloading anyio-4.15.1-py3-none-any.whl.metadata (4.7 kB)
Collecting httpcore2==2.13.1 (from httpx2<3,>=2.0.0->huggingface-hub<3.0,>=1.31.0->transformers==5.18.0->-r requirements.txt (line 1))
Downloading httpcore2-2.13.1-py3-none-any.whl.metadata (26 kB)
Collecting idna>=3.18 (from httpx2<3,>=2.0.0->huggingface-hub<3.0,>=1.31.0->transformers==5.18.0->-r requirements.txt (line 1))
Downloading idna-3.20-py3-none-any.whl.metadata (7.2 kB)
Collecting truststore>=0.10 (from httpx2<3,>=2.0.0->huggingface-hub<3.0,>=1.31.0->transformers==5.18.0->-r requirements.txt (line 1))
Downloading truststore-0.10.4-py3-none-any.whl.metadata (4.4 kB)
Requirement already satisfied: h11>=0.16 in /opt/conda/lib/python3.11/site-packages (from httpcore2==2.13.1->httpx2<3,>=2.0.0->huggingface-hub<3.0,>=1.31.0->transformers==5.18.0->-r requirements.txt (line 1)) (0.16.0)
Collecting huggingface-hub<3.0,>=1.31.0 (from transformers==5.18.0->-r requirements.txt (line 1))
Downloading huggingface_hub-1.33.0-py3-none-any.whl.metadata (16 kB)
Collecting httpx<1,>=0.23.0 (from huggingface-hub<3.0,>=1.31.0->transformers==5.18.0->-r requirements.txt (line 1))
Downloading httpx-0.28.1-py3-none-any.whl.metadata (7.1 kB)
Requirement already satisfied: certifi in /opt/conda/lib/python3.11/site-packages (from httpx<1,>=0.23.0->huggingface-hub<3.0,>=1.31.0->transformers==5.18.0->-r requirements.txt (line 1)) (2025.7.14)
Collecting httpcore==1.* (from httpx<1,>=0.23.0->huggingface-hub<3.0,>=1.31.0->transformers==5.18.0->-r requirements.txt (line 1))
Downloading httpcore-1.0.9-py3-none-any.whl.metadata (21 kB)
Requirement already satisfied: pyarrow>=21.0.0 in /opt/conda/lib/python3.11/site-packages (from datasets>=4.7.0->-r requirements.txt (line 5)) (21.0.0)
Requirement already satisfied: dill<0.4.2,>=0.3.0 in /opt/conda/lib/python3.11/site-packages (from datasets>=4.7.0->-r requirements.txt (line 5)) (0.4.0)
Requirement already satisfied: pandas in /opt/conda/lib/python3.11/site-packages (from datasets>=4.7.0->-r requirements.txt (line 5)) (2.3.1)
Requirement already satisfied: requests>=2.32.2 in /opt/conda/lib/python3.11/site-packages (from datasets>=4.7.0->-r requirements.txt (line 5)) (2.32.4)
Collecting xxhash (from datasets>=4.7.0->-r requirements.txt (line 5))
Downloading xxhash-4.0.1-cp311-cp311-manylinux2014_x86_64.manylinux_2_17_x86_64.manylinux_2_28_x86_64.whl.metadata (17 kB)
Requirement already satisfied: multiprocess<0.70.20 in /opt/conda/lib/python3.11/site-packages (from datasets>=4.7.0->-r requirements.txt (line 5)) (0.70.18)
Collecting aiohttp!=4.0.0a0,!=4.0.0a1 (from fsspec[http]<=2026.6.0,>=2023.1.0->datasets>=4.7.0->-r requirements.txt (line 5))
Downloading aiohttp-3.14.3-cp311-cp311-manylinux2014_x86_64.manylinux_2_17_x86_64.manylinux_2_28_x86_64.whl.metadata (8.3 kB)
Collecting aiohappyeyeballs>=2.5.0 (from aiohttp!=4.0.0a0,!=4.0.0a1->fsspec[http]<=2026.6.0,>=2023.1.0->datasets>=4.7.0->-r requirements.txt (line 5))
Downloading aiohappyeyeballs-2.7.1-py3-none-any.whl.metadata (5.9 kB)
Collecting aiosignal>=1.4.0 (from aiohttp!=4.0.0a0,!=4.0.0a1->fsspec[http]<=2026.6.0,>=2023.1.0->datasets>=4.7.0->-r requirements.txt (line 5))
Downloading aiosignal-1.4.0-py3-none-any.whl.metadata (3.7 kB)
Requirement already satisfied: attrs>=17.3.0 in /opt/conda/lib/python3.11/site-packages (from aiohttp!=4.0.0a0,!=4.0.0a1->fsspec[http]<=2026.6.0,>=2023.1.0->datasets>=4.7.0->-r requirements.txt (line 5)) (25.3.0)
Collecting frozenlist>=1.1.1 (from aiohttp!=4.0.0a0,!=4.0.0a1->fsspec[http]<=2026.6.0,>=2023.1.0->datasets>=4.7.0->-r requirements.txt (line 5))
Downloading frozenlist-1.8.0-cp311-cp311-manylinux1_x86_64.manylinux_2_28_x86_64.manylinux_2_5_x86_64.whl.metadata (20 kB)
Collecting multidict<7.0,>=4.5 (from aiohttp!=4.0.0a0,!=4.0.0a1->fsspec[http]<=2026.6.0,>=2023.1.0->datasets>=4.7.0->-r requirements.txt (line 5))
Downloading multidict-6.9.1-cp311-cp311-manylinux2014_x86_64.manylinux_2_17_x86_64.manylinux_2_28_x86_64.whl.metadata (5.3 kB)
Collecting propcache>=0.2.0 (from aiohttp!=4.0.0a0,!=4.0.0a1->fsspec[http]<=2026.6.0,>=2023.1.0->datasets>=4.7.0->-r requirements.txt (line 5))
Downloading propcache-0.5.4-cp311-cp311-manylinux2014_x86_64.manylinux_2_17_x86_64.manylinux_2_28_x86_64.whl.metadata (25 kB)
Collecting yarl<2.0,>=1.17.0 (from aiohttp!=4.0.0a0,!=4.0.0a1->fsspec[http]<=2026.6.0,>=2023.1.0->datasets>=4.7.0->-r requirements.txt (line 5))
Downloading yarl-1.25.1-cp311-cp311-manylinux2014_x86_64.manylinux_2_17_x86_64.manylinux_2_28_x86_64.whl.metadata (111 kB)
Collecting typing-extensions>=4.5.0 (from httpx2<3,>=2.0.0->huggingface-hub<3.0,>=1.31.0->transformers==5.18.0->-r requirements.txt (line 1))
Downloading typing_extensions-4.16.0-py3-none-any.whl.metadata (3.3 kB)
Requirement already satisfied: charset_normalizer<4,>=2 in /opt/conda/lib/python3.11/site-packages (from requests>=2.32.2->datasets>=4.7.0->-r requirements.txt (line 5)) (3.4.0)
Requirement already satisfied: urllib3<3,>=1.21.1 in /opt/conda/lib/python3.11/site-packages (from requests>=2.32.2->datasets>=4.7.0->-r requirements.txt (line 5)) (2.5.0)
Requirement already satisfied: networkx in /opt/conda/lib/python3.11/site-packages (from torch>=1.13.0->peft==0.21.2->-r requirements.txt (line 3)) (3.5)
Requirement already satisfied: sympy==1.13.1 in /opt/conda/lib/python3.11/site-packages (from torch>=1.13.0->peft==0.21.2->-r requirements.txt (line 3)) (1.13.1)
Requirement already satisfied: mpmath<1.4,>=1.1.0 in /opt/conda/lib/python3.11/site-packages (from sympy==1.13.1->torch>=1.13.0->peft==0.21.2->-r requirements.txt (line 3)) (1.3.0)
Requirement already satisfied: MarkupSafe>=2.0 in /opt/conda/lib/python3.11/site-packages (from jinja2->trl==1.14.1->-r requirements.txt (line 2)) (3.0.2)
Requirement already satisfied: python-dateutil>=2.8.2 in /opt/conda/lib/python3.11/site-packages (from pandas->datasets>=4.7.0->-r requirements.txt (line 5)) (2.9.0.post0)
Requirement already satisfied: pytz>=2020.1 in /opt/conda/lib/python3.11/site-packages (from pandas->datasets>=4.7.0->-r requirements.txt (line 5)) (2025.2)
Requirement already satisfied: tzdata>=2022.7 in /opt/conda/lib/python3.11/site-packages (from pandas->datasets>=4.7.0->-r requirements.txt (line 5)) (2025.2)
Requirement already satisfied: six>=1.5 in /opt/conda/lib/python3.11/site-packages (from python-dateutil>=2.8.2->pandas->datasets>=4.7.0->-r requirements.txt (line 5)) (1.17.0)
Requirement already satisfied: shellingham>=1.3.0 in /opt/conda/lib/python3.11/site-packages (from typer->transformers==5.18.0->-r requirements.txt (line 1)) (1.5.4)
Requirement already satisfied: rich>=10.11.0 in /opt/conda/lib/python3.11/site-packages (from typer->transformers==5.18.0->-r requirements.txt (line 1)) (14.0.0)
Requirement already satisfied: markdown-it-py>=2.2.0 in /opt/conda/lib/python3.11/site-packages (from rich>=10.11.0->typer->transformers==5.18.0->-r requirements.txt (line 1)) (3.0.0)
Requirement already satisfied: pygments<3.0.0,>=2.13.0 in /opt/conda/lib/python3.11/site-packages (from rich>=10.11.0->typer->transformers==5.18.0->-r requirements.txt (line 1)) (2.19.2)
Requirement already satisfied: mdurl~=0.1 in /opt/conda/lib/python3.11/site-packages (from markdown-it-py>=2.2.0->rich>=10.11.0->typer->transformers==5.18.0->-r requirements.txt (line 1)) (0.1.2)
Downloading transformers-5.18.0-py3-none-any.whl (12.6 MB)
━━━━━━━━━━━━━━━━━━━━━━━━━━━━━━━━━━━━━━━━ 12.6/12.6 MB 234.1 MB/s  0:00:00
Downloading trl-1.14.1-py3-none-any.whl (925 kB)
━━━━━━━━━━━━━━━━━━━━━━━━━━━━━━━━━━━━━━━━ 925.5/925.5 kB 67.0 MB/s  0:00:00
Downloading peft-0.21.2-py3-none-any.whl (835 kB)
━━━━━━━━━━━━━━━━━━━━━━━━━━━━━━━━━━━━━━━━ 835.4/835.4 kB 27.2 MB/s  0:00:00
Downloading click-8.5.0-py3-none-any.whl (125 kB)
Downloading hf_xet-1.6.0-cp38-abi3-manylinux2014_x86_64.manylinux_2_17_x86_64.whl (4.5 MB)
━━━━━━━━━━━━━━━━━━━━━━━━━━━━━━━━━━━━━━━━ 4.5/4.5 MB 206.9 MB/s  0:00:00
Downloading tokenizers-0.23.2-cp310-abi3-manylinux_2_17_x86_64.manylinux2014_x86_64.whl (3.4 MB)
━━━━━━━━━━━━━━━━━━━━━━━━━━━━━━━━━━━━━━━━ 3.4/3.4 MB 188.4 MB/s  0:00:00
Downloading huggingface_hub-1.33.0-py3-none-any.whl (846 kB)
━━━━━━━━━━━━━━━━━━━━━━━━━━━━━━━━━━━━━━━━ 846.4/846.4 kB 60.7 MB/s  0:00:00
Downloading httpx-0.28.1-py3-none-any.whl (73 kB)
Downloading httpcore-1.0.9-py3-none-any.whl (78 kB)
Downloading datasets-5.0.1-py3-none-any.whl (559 kB)
━━━━━━━━━━━━━━━━━━━━━━━━━━━━━━━━━━━━━━━━ 559.1/559.1 kB 28.9 MB/s  0:00:00
Downloading aiohttp-3.14.3-cp311-cp311-manylinux2014_x86_64.manylinux_2_17_x86_64.manylinux_2_28_x86_64.whl (1.8 MB)
━━━━━━━━━━━━━━━━━━━━━━━━━━━━━━━━━━━━━━━━ 1.8/1.8 MB 41.0 MB/s  0:00:00
Downloading multidict-6.9.1-cp311-cp311-manylinux2014_x86_64.manylinux_2_17_x86_64.manylinux_2_28_x86_64.whl (320 kB)
Downloading yarl-1.25.1-cp311-cp311-manylinux2014_x86_64.manylinux_2_17_x86_64.manylinux_2_28_x86_64.whl (117 kB)
Downloading aiohappyeyeballs-2.7.1-py3-none-any.whl (15 kB)
Downloading aiosignal-1.4.0-py3-none-any.whl (7.5 kB)
Downloading anyio-4.15.1-py3-none-any.whl (132 kB)
Downloading frozenlist-1.8.0-cp311-cp311-manylinux1_x86_64.manylinux_2_28_x86_64.manylinux_2_5_x86_64.whl (231 kB)
Downloading idna-3.20-py3-none-any.whl (69 kB)
Downloading propcache-0.5.4-cp311-cp311-manylinux2014_x86_64.manylinux_2_17_x86_64.manylinux_2_28_x86_64.whl (235 kB)
Downloading regex-2026.9.29-cp311-cp311-manylinux2014_x86_64.manylinux_2_17_x86_64.manylinux_2_28_x86_64.whl (804 kB)
━━━━━━━━━━━━━━━━━━━━━━━━━━━━━━━━━━━━━━━━ 805.0/805.0 kB 60.8 MB/s  0:00:00
Downloading safetensors-0.8.0-cp310-abi3-manylinux_2_17_x86_64.manylinux2014_x86_64.whl (516 kB)
Downloading typing_extensions-4.16.0-py3-none-any.whl (45 kB)
Downloading xxhash-4.0.1-cp311-cp311-manylinux2014_x86_64.manylinux_2_17_x86_64.manylinux_2_28_x86_64.whl (261 kB)
Installing collected packages: xxhash, typing-extensions, safetensors, regex, propcache, multidict, idna, httpcore, hf-xet, frozenlist, click, aiohappyeyeballs, yarl, anyio, aiosignal, httpx, aiohttp, huggingface-hub, tokenizers, datasets, transformers, trl, peft
Attempting uninstall: typing-extensions
Found existing installation: typing_extensions 4.14.1
Uninstalling typing_extensions-4.14.1:
Successfully uninstalled typing_extensions-4.14.1
Attempting uninstall: safetensors
Found existing installation: safetensors 0.5.3
Uninstalling safetensors-0.5.3:
Successfully uninstalled safetensors-0.5.3
Attempting uninstall: idna
Found existing installation: idna 3.10
Uninstalling idna-3.10:
Successfully uninstalled idna-3.10
Attempting uninstall: hf-xet
Found existing installation: hf-xet 1.1.5
Uninstalling hf-xet-1.1.5:
Successfully uninstalled hf-xet-1.1.5
Attempting uninstall: click
Found existing installation: click 8.2.1
Uninstalling click-8.2.1:
Successfully uninstalled click-8.2.1
Attempting uninstall: anyio
Found existing installation: anyio 4.9.0
Uninstalling anyio-4.9.0:
Successfully uninstalled anyio-4.9.0
Attempting uninstall: huggingface-hub
Found existing installation: huggingface-hub 0.33.4
Uninstalling huggingface-hub-0.33.4:
Successfully uninstalled huggingface-hub-0.33.4
Successfully installed aiohappyeyeballs-2.7.1 aiohttp-3.14.3 aiosignal-1.4.0 anyio-4.15.1 click-8.5.0 datasets-5.0.1 frozenlist-1.8.0 hf-xet-1.6.0 httpcore-1.0.9 httpx-0.28.1 huggingface-hub-1.33.0 idna-3.20 multidict-6.9.1 peft-0.21.2 propcache-0.5.4 regex-2026.9.29 safetensors-0.8.0 tokenizers-0.23.2 transformers-5.18.0 trl-1.14.1 typing-extensions-4.16.0 xxhash-4.0.1 yarl-1.25.1
WARNING: Running pip as the 'root' user can result in broken permissions and conflicting behaviour with the system package manager, possibly rendering your system unusable. It is recommended to use a virtual environment instead: https://pip.pypa.io/warnings/venv. Use the --root-user-action option if you know what you are doing and want to suppress this warning.
[notice] A new release of pip is available: 25.3 -> 26.2.1
[notice] To update, run: pip install --upgrade pip
2026-10-02 16:28:33,684 sagemaker-training-toolkit INFO     Waiting for the process to finish and give a return code.
2026-10-02 16:28:33,684 sagemaker-training-toolkit INFO     Done waiting for a return code. Received 0 from exiting process.
2026-10-02 16:28:33,710 sagemaker-training-toolkit INFO     No Neurons detected (normal if no neurons installed)
2026-10-02 16:28:33,745 sagemaker-training-toolkit INFO     No Neurons detected (normal if no neurons installed)
2026-10-02 16:28:33,780 sagemaker-training-toolkit INFO     No Neurons detected (normal if no neurons installed)
2026-10-02 16:28:33,791 sagemaker-training-toolkit INFO     Invoking user script
Training Env:
{
    "additional_framework_parameters": {},
    "channel_input_dirs": {
        "train": "/opt/ml/input/data/train"
    },
    "current_host": "algo-1",
    "current_instance_group": "homogeneousCluster",
    "current_instance_group_hosts": [
        "algo-1"
    ],
    "current_instance_type": "ml.g4dn.xlarge",
    "distribution_hosts": [],
    "distribution_instance_groups": [],
    "framework_module": "sagemaker_pytorch_container.training:main",
    "hosts": [
        "algo-1"
    ],
    "hyperparameters": {
        "epochs": "1.0",
        "max_train_samples": "5000"
    },
    "input_config_dir": "/opt/ml/input/config",
    "input_data_config": {
        "train": {
            "TrainingInputMode": "File",
            "S3DistributionType": "FullyReplicated",
            "RecordWrapperType": "None"
        }
    },
    "input_dir": "/opt/ml/input",
    "instance_groups": [
        "homogeneousCluster"
    ],
    "instance_groups_dict": {
        "homogeneousCluster": {
            "instance_group_name": "homogeneousCluster",
            "instance_type": "ml.g4dn.xlarge",
            "hosts": [
                "algo-1"
            ]
        }
    },
    "is_hetero": false,
    "is_master": true,
    "is_modelparallel_enabled": null,
    "is_smddpmprun_installed": false,
    "is_smddprun_installed": true,
    "job_name": "goemotions-sft-2026-10-02-16-07-29-859",
    "log_level": 20,
    "master_hostname": "algo-1",
    "model_dir": "/opt/ml/model",
    "module_dir": "s3://stanford-train-data/goemotions-sft-2026-10-02-16-07-29-859/source/sourcedir.tar.gz",
    "module_name": "goemotions_sft",
    "network_interface_name": "eth0",
    "num_cpus": 4,
    "num_gpus": 1,
    "num_neurons": 0,
    "output_data_dir": "/opt/ml/output/data",
    "output_dir": "/opt/ml/output",
    "output_intermediate_dir": "/opt/ml/output/intermediate",
    "resource_config": {
        "current_host": "algo-1",
        "current_instance_type": "ml.g4dn.xlarge",
        "current_group_name": "homogeneousCluster",
        "hosts": [
            "algo-1"
        ],
        "instance_groups": [
            {
                "instance_group_name": "homogeneousCluster",
                "instance_type": "ml.g4dn.xlarge",
                "hosts": [
                    "algo-1"
                ]
            }
        ],
        "network_interface_name": "eth0",
        "topology": null
    },
    "user_entry_point": "goemotions_sft.py"
}
Environment variables:
SM_HOSTS=["algo-1"]
SM_NETWORK_INTERFACE_NAME=eth0
SM_HPS={"epochs":"1.0","max_train_samples":"5000"}
SM_USER_ENTRY_POINT=goemotions_sft.py
SM_FRAMEWORK_PARAMS={}
SM_RESOURCE_CONFIG={"current_group_name":"homogeneousCluster","current_host":"algo-1","current_instance_type":"ml.g4dn.xlarge","hosts":["algo-1"],"instance_groups":[{"hosts":["algo-1"],"instance_group_name":"homogeneousCluster","instance_type":"ml.g4dn.xlarge"}],"network_interface_name":"eth0","topology":null}
SM_INPUT_DATA_CONFIG={"train":{"RecordWrapperType":"None","S3DistributionType":"FullyReplicated","TrainingInputMode":"File"}}
SM_OUTPUT_DATA_DIR=/opt/ml/output/data
SM_CHANNELS=["train"]
SM_CURRENT_HOST=algo-1
SM_CURRENT_INSTANCE_TYPE=ml.g4dn.xlarge
SM_CURRENT_INSTANCE_GROUP=homogeneousCluster
SM_CURRENT_INSTANCE_GROUP_HOSTS=["algo-1"]
SM_INSTANCE_GROUPS=["homogeneousCluster"]
SM_INSTANCE_GROUPS_DICT={"homogeneousCluster":{"hosts":["algo-1"],"instance_group_name":"homogeneousCluster","instance_type":"ml.g4dn.xlarge"}}
SM_DISTRIBUTION_INSTANCE_GROUPS=[]
SM_IS_HETERO=false
SM_MODULE_NAME=goemotions_sft
SM_LOG_LEVEL=20
SM_FRAMEWORK_MODULE=sagemaker_pytorch_container.training:main
SM_INPUT_DIR=/opt/ml/input
SM_INPUT_CONFIG_DIR=/opt/ml/input/config
SM_OUTPUT_DIR=/opt/ml/output
SM_NUM_CPUS=4
SM_NUM_GPUS=1
SM_NUM_NEURONS=0
SM_MODEL_DIR=/opt/ml/model
SM_MODULE_DIR=s3://stanford-train-data/goemotions-sft-2026-10-02-16-07-29-859/source/sourcedir.tar.gz
SM_TRAINING_ENV={"additional_framework_parameters":{},"channel_input_dirs":{"train":"/opt/ml/input/data/train"},"current_host":"algo-1","current_instance_group":"homogeneousCluster","current_instance_group_hosts":["algo-1"],"current_instance_type":"ml.g4dn.xlarge","distribution_hosts":[],"distribution_instance_groups":[],"framework_module":"sagemaker_pytorch_container.training:main","hosts":["algo-1"],"hyperparameters":{"epochs":"1.0","max_train_samples":"5000"},"input_config_dir":"/opt/ml/input/config","input_data_config":{"train":{"RecordWrapperType":"None","S3DistributionType":"FullyReplicated","TrainingInputMode":"File"}},"input_dir":"/opt/ml/input","instance_groups":["homogeneousCluster"],"instance_groups_dict":{"homogeneousCluster":{"hosts":["algo-1"],"instance_group_name":"homogeneousCluster","instance_type":"ml.g4dn.xlarge"}},"is_hetero":false,"is_master":true,"is_modelparallel_enabled":null,"is_smddpmprun_installed":false,"is_smddprun_installed":true,"job_name":"goemotions-sft-2026-10-02-16-07-29-859","log_level":20,"master_hostname":"algo-1","model_dir":"/opt/ml/model","module_dir":"s3://stanford-train-data/goemotions-sft-2026-10-02-16-07-29-859/source/sourcedir.tar.gz","module_name":"goemotions_sft","network_interface_name":"eth0","num_cpus":4,"num_gpus":1,"num_neurons":0,"output_data_dir":"/opt/ml/output/data","output_dir":"/opt/ml/output","output_intermediate_dir":"/opt/ml/output/intermediate","resource_config":{"current_group_name":"homogeneousCluster","current_host":"algo-1","current_instance_type":"ml.g4dn.xlarge","hosts":["algo-1"],"instance_groups":[{"hosts":["algo-1"],"instance_group_name":"homogeneousCluster","instance_type":"ml.g4dn.xlarge"}],"network_interface_name":"eth0","topology":null},"user_entry_point":"goemotions_sft.py"}
SM_USER_ARGS=["--epochs","1.0","--max_train_samples","5000"]
SM_OUTPUT_INTERMEDIATE_DIR=/opt/ml/output/intermediate
SM_CHANNEL_TRAIN=/opt/ml/input/data/train
SM_HP_EPOCHS=1.0
SM_HP_MAX_TRAIN_SAMPLES=5000
PYTHONPATH=/opt/ml/code:/opt/conda/bin:/opt/conda/lib/python311.zip:/opt/conda/lib/python3.11:/opt/conda/lib/python3.11/lib-dynload:/opt/conda/lib/python3.11/site-packages
Invoking script with the following command:
/opt/conda/bin/python3.11 goemotions_sft.py --epochs 1.0 --max_train_samples 5000
2026-10-02 16:28:33,793 sagemaker-training-toolkit INFO     Exceptions not imported for SageMaker Debugger as it is not installed.
2026-10-02 16:28:33,793 sagemaker-training-toolkit INFO     Exceptions not imported for SageMaker TF as Tensorflow is not installed.
loading tokenizer + model
Warning: You are sending unauthenticated requests to the HF Hub. Please set a HF_TOKEN to enable higher rate limits and faster downloads.
Loading weights:   0%|          | 0/311 [00:00<?, ?it/s]
Loading weights: 100%|██████████| 311/311 [00:00<00:00, 5067.47it/s]
train examples: 5000
Applying formatting function to train dataset:   0%|          | 0/5000 [00:00<?, ? examples/s]
Applying formatting function to train dataset:   9%|▉         | 458/5000 [00:00<00:01, 4535.41 examples/s]
Applying formatting function to train dataset:  20%|██        | 1000/5000 [00:00<00:00, 5003.83 examples/s]
Applying formatting function to train dataset:  31%|███▏      | 1571/5000 [00:00<00:00, 5321.38 examples/s]
Applying formatting function to train dataset:  48%|████▊     | 2390/5000 [00:00<00:00, 5385.75 examples/s]
Applying formatting function to train dataset:  59%|█████▉    | 2953/5000 [00:00<00:00, 5457.94 examples/s]
Applying formatting function to train dataset:  75%|███████▌  | 3762/5000 [00:00<00:00, 5426.19 examples/s]
Applying formatting function to train dataset:  91%|█████████▏| 4573/5000 [00:00<00:00, 5412.30 examples/s]
Applying formatting function to train dataset: 100%|██████████| 5000/5000 [00:00<00:00, 5339.10 examples/s]
Tokenizing train dataset:   0%|          | 0/5000 [00:00<?, ? examples/s]
Tokenizing train dataset:   4%|▍         | 201/5000 [00:00<00:02, 1985.99 examples/s]
Tokenizing train dataset:   8%|▊         | 405/5000 [00:00<00:02, 2013.05 examples/s]
Tokenizing train dataset:  14%|█▍        | 708/5000 [00:00<00:02, 2010.74 examples/s]
Tokenizing train dataset:  20%|██        | 1000/5000 [00:00<00:02, 1854.06 examples/s]
Tokenizing train dataset:  24%|██▍       | 1202/5000 [00:00<00:02, 1898.66 examples/s]
Tokenizing train dataset:  28%|██▊       | 1407/5000 [00:00<00:01, 1940.32 examples/s]
Tokenizing train dataset:  32%|███▏      | 1610/5000 [00:00<00:01, 1964.09 examples/s]
Tokenizing train dataset:  36%|███▋      | 1814/5000 [00:00<00:01, 1985.23 examples/s]
Tokenizing train dataset:  42%|████▏     | 2099/5000 [00:01<00:01, 1909.87 examples/s]
Tokenizing train dataset:  46%|████▌     | 2300/5000 [00:01<00:01, 1936.01 examples/s]
Tokenizing train dataset:  50%|████▉     | 2497/5000 [00:01<00:01, 1942.92 examples/s]
Tokenizing train dataset:  54%|█████▍    | 2699/5000 [00:01<00:01, 1961.77 examples/s]
Tokenizing train dataset:  58%|█████▊    | 2903/5000 [00:01<00:01, 1980.52 examples/s]
Tokenizing train dataset:  64%|██████▍   | 3196/5000 [00:01<00:00, 1903.22 examples/s]
Tokenizing train dataset:  68%|██████▊   | 3395/5000 [00:01<00:00, 1923.92 examples/s]
Tokenizing train dataset:  72%|███████▏  | 3597/5000 [00:01<00:00, 1947.28 examples/s]
Tokenizing train dataset:  76%|███████▌  | 3798/5000 [00:01<00:00, 1960.34 examples/s]
Tokenizing train dataset:  80%|███████▉  | 3999/5000 [00:02<00:00, 1971.72 examples/s]
Tokenizing train dataset:  85%|████████▌ | 4264/5000 [00:02<00:00, 1890.14 examples/s]
Tokenizing train dataset:  89%|████████▉ | 4461/5000 [00:02<00:00, 1908.44 examples/s]
Tokenizing train dataset:  93%|█████████▎| 4664/5000 [00:02<00:00, 1940.01 examples/s]
Tokenizing train dataset:  97%|█████████▋| 4863/5000 [00:02<00:00, 1949.60 examples/s]
Tokenizing train dataset: 100%|██████████| 5000/5000 [00:02<00:00, 1929.00 examples/s]
Building labels for train dataset:   0%|          | 0/5000 [00:00<?, ? examples/s]
Building labels for train dataset:  20%|██        | 1000/5000 [00:00<00:00, 8655.67 examples/s]
Building labels for train dataset:  40%|████      | 2000/5000 [00:00<00:00, 9317.06 examples/s]
Building labels for train dataset:  60%|██████    | 3000/5000 [00:00<00:00, 9472.48 examples/s]
Building labels for train dataset:  80%|████████  | 4000/5000 [00:00<00:00, 9521.65 examples/s]
Building labels for train dataset: 100%|██████████| 5000/5000 [00:00<00:00, 9591.39 examples/s]
Building labels for train dataset: 100%|██████████| 5000/5000 [00:00<00:00, 9440.03 examples/s]
Truncating train dataset:   0%|          | 0/5000 [00:00<?, ? examples/s]
Truncating train dataset:  18%|█▊        | 905/5000 [00:00<00:00, 8980.21 examples/s]
Truncating train dataset:  40%|████      | 2000/5000 [00:00<00:00, 7367.60 examples/s]
Truncating train dataset:  58%|█████▊    | 2892/5000 [00:00<00:00, 7953.63 examples/s]
Truncating train dataset:  80%|████████  | 4000/5000 [00:00<00:00, 7323.42 examples/s]
Truncating train dataset:  98%|█████████▊| 4905/5000 [00:00<00:00, 7818.95 examples/s]
Truncating train dataset: 100%|██████████| 5000/5000 [00:00<00:00, 7495.53 examples/s]
Dropping fully masked examples from train dataset:   0%|          | 0/5000 [00:00<?, ? examples/s]
Dropping fully masked examples from train dataset:  40%|████      | 2000/5000 [00:00<00:00, 11774.87 examples/s]
Dropping fully masked examples from train dataset:  80%|████████  | 4000/5000 [00:00<00:00, 11612.74 examples/s]
Dropping fully masked examples from train dataset: 100%|██████████| 5000/5000 [00:00<00:00, 11623.70 examples/s]
0%|          | 0/79 [00:00<?, ?it/s]
1%|▏         | 1/79 [00:11<15:02, 11.57s/it]
3%|▎         | 2/79 [00:22<14:34, 11.36s/it]
4%|▍         | 3/79 [00:33<13:58, 11.03s/it]
5%|▌         | 4/79 [00:43<13:33, 10.84s/it]
6%|▋         | 5/79 [00:54<13:20, 10.82s/it]
8%|▊         | 6/79 [01:05<13:07, 10.78s/it]
9%|▉         | 7/79 [01:16<12:50, 10.71s/it]
10%|█         | 8/79 [01:26<12:44, 10.77s/it]
11%|█▏        | 9/79 [01:38<12:41, 10.88s/it]
13%|█▎        | 10/79 [01:49<12:41, 11.04s/it]
{'loss': '3.475', 'grad_norm': '5.076', 'learning_rate': '8.861e-05', 'entropy': '2.351', 'num_tokens': '4.433e+04', 'mean_token_accuracy': '0.5109', 'epoch': '0.128'}
13%|█▎        | 10/79 [01:49<12:41, 11.04s/it]
14%|█▍        | 11/79 [02:00<12:32, 11.06s/it]
15%|█▌        | 12/79 [02:11<12:19, 11.03s/it]
16%|█▋        | 13/79 [02:22<11:59, 10.91s/it]
18%|█▊        | 14/79 [02:32<11:44, 10.84s/it]
19%|█▉        | 15/79 [02:43<11:37, 10.90s/it]
20%|██        | 16/79 [02:55<11:37, 11.08s/it]
22%|██▏       | 17/79 [03:06<11:24, 11.04s/it]
23%|██▎       | 18/79 [03:17<11:07, 10.95s/it]
24%|██▍       | 19/79 [03:28<10:58, 10.98s/it]
25%|██▌       | 20/79 [03:39<10:52, 11.06s/it]
{'loss': '1.529', 'grad_norm': '1.368', 'learning_rate': '7.595e-05', 'entropy': '1.633', 'num_tokens': '8.884e+04', 'mean_token_accuracy': '0.7474', 'epoch': '0.256'}
25%|██▌       | 20/79 [03:39<10:52, 11.06s/it]
27%|██▋       | 21/79 [03:50<10:42, 11.07s/it]
28%|██▊       | 22/79 [04:01<10:25, 10.97s/it]
29%|██▉       | 23/79 [04:11<10:05, 10.82s/it]
30%|███       | 24/79 [04:22<09:49, 10.71s/it]
32%|███▏      | 25/79 [04:33<09:49, 10.91s/it]
33%|███▎      | 26/79 [04:44<09:36, 10.87s/it]
34%|███▍      | 27/79 [04:55<09:26, 10.89s/it]
35%|███▌      | 28/79 [05:06<09:22, 11.04s/it]
37%|███▋      | 29/79 [05:18<09:28, 11.37s/it]
38%|███▊      | 30/79 [05:31<09:32, 11.69s/it]
{'loss': '1.32', 'grad_norm': '1.809', 'learning_rate': '6.329e-05', 'entropy': '1.441', 'num_tokens': '1.331e+05', 'mean_token_accuracy': '0.7751', 'epoch': '0.384'}
38%|███▊      | 30/79 [05:31<09:32, 11.69s/it]
39%|███▉      | 31/79 [05:41<09:06, 11.39s/it]
41%|████      | 32/79 [05:52<08:49, 11.27s/it]
42%|████▏     | 33/79 [06:03<08:35, 11.21s/it]
43%|████▎     | 34/79 [06:14<08:22, 11.16s/it]
44%|████▍     | 35/79 [06:25<08:09, 11.12s/it]
46%|████▌     | 36/79 [06:36<07:56, 11.09s/it]
47%|████▋     | 37/79 [06:48<07:49, 11.19s/it]
48%|████▊     | 38/79 [06:59<07:35, 11.10s/it]
49%|████▉     | 39/79 [07:10<07:29, 11.23s/it]
51%|█████     | 40/79 [07:22<07:18, 11.25s/it]
{'loss': '1.23', 'grad_norm': '0.8757', 'learning_rate': '5.063e-05', 'entropy': '1.307', 'num_tokens': '1.774e+05', 'mean_token_accuracy': '0.779', 'epoch': '0.512'}
51%|█████     | 40/79 [07:22<07:18, 11.25s/it]
52%|█████▏    | 41/79 [07:33<07:09, 11.31s/it]
53%|█████▎    | 42/79 [07:44<06:52, 11.16s/it]
54%|█████▍    | 43/79 [07:55<06:41, 11.14s/it]
56%|█████▌    | 44/79 [08:06<06:32, 11.21s/it]
57%|█████▋    | 45/79 [08:17<06:15, 11.04s/it]
58%|█████▊    | 46/79 [08:28<06:03, 11.01s/it]
59%|█████▉    | 47/79 [08:39<05:53, 11.03s/it]
61%|██████    | 48/79 [08:50<05:45, 11.15s/it]
62%|██████▏   | 49/79 [09:01<05:33, 11.12s/it]
63%|██████▎   | 50/79 [09:13<05:23, 11.17s/it]
{'loss': '1.185', 'grad_norm': '0.6837', 'learning_rate': '3.797e-05', 'entropy': '1.189', 'num_tokens': '2.218e+05', 'mean_token_accuracy': '0.7814', 'epoch': '0.64'}
63%|██████▎   | 50/79 [09:13<05:23, 11.17s/it]
65%|██████▍   | 51/79 [09:24<05:12, 11.17s/it]
66%|██████▌   | 52/79 [09:35<04:59, 11.08s/it]
67%|██████▋   | 53/79 [09:46<04:48, 11.09s/it]
68%|██████▊   | 54/79 [09:57<04:36, 11.04s/it]
70%|██████▉   | 55/79 [10:08<04:23, 10.99s/it]
71%|███████   | 56/79 [10:19<04:14, 11.07s/it]
72%|███████▏  | 57/79 [10:30<04:00, 10.91s/it]
73%|███████▎  | 58/79 [10:40<03:49, 10.91s/it]
75%|███████▍  | 59/79 [10:51<03:38, 10.92s/it]
76%|███████▌  | 60/79 [11:02<03:25, 10.80s/it]
{'loss': '1.187', 'grad_norm': '0.5773', 'learning_rate': '2.532e-05', 'entropy': '1.182', 'num_tokens': '2.661e+05', 'mean_token_accuracy': '0.783', 'epoch': '0.768'}
76%|███████▌  | 60/79 [11:02<03:25, 10.80s/it]
77%|███████▋  | 61/79 [11:13<03:16, 10.94s/it]
78%|███████▊  | 62/79 [11:25<03:08, 11.10s/it]
80%|███████▉  | 63/79 [11:36<02:56, 11.04s/it]
81%|████████  | 64/79 [11:47<02:45, 11.05s/it]
82%|████████▏ | 65/79 [11:58<02:35, 11.14s/it]
84%|████████▎ | 66/79 [12:09<02:24, 11.15s/it]
85%|████████▍ | 67/79 [12:20<02:12, 11.03s/it]
86%|████████▌ | 68/79 [12:31<02:00, 10.97s/it]
87%|████████▋ | 69/79 [12:42<01:49, 10.94s/it]
89%|████████▊ | 70/79 [12:53<01:38, 10.95s/it]
{'loss': '1.191', 'grad_norm': '0.5071', 'learning_rate': '1.266e-05', 'entropy': '1.2', 'num_tokens': '3.105e+05', 'mean_token_accuracy': '0.7818', 'epoch': '0.896'}
89%|████████▊ | 70/79 [12:53<01:38, 10.95s/it]
90%|████████▉ | 71/79 [13:04<01:28, 11.02s/it]
91%|█████████ | 72/79 [13:15<01:16, 10.97s/it]
92%|█████████▏| 73/79 [13:26<01:06, 11.02s/it]
94%|█████████▎| 74/79 [13:37<00:55, 11.16s/it]
95%|█████████▍| 75/79 [13:49<00:44, 11.21s/it]
96%|█████████▌| 76/79 [13:59<00:33, 11.06s/it]
97%|█████████▋| 77/79 [14:10<00:21, 10.97s/it]
99%|█████████▊| 78/79 [14:21<00:10, 10.87s/it]
100%|██████████| 79/79 [14:22<00:00,  8.03s/it]
{'train_runtime': '863', 'train_samples_per_second': '5.794', 'train_steps_per_second': '0.092', 'train_loss': '1.54', 'entropy': '1.19', 'num_tokens': '3.465e+05', 'mean_token_accuracy': '0.7826', 'epoch': '1'}
100%|██████████| 79/79 [14:22<00:00,  8.03s/it]
100%|██████████| 79/79 [14:22<00:00, 10.92s/it]
SFT_DONE
2026-10-02 16:43:23,514 sagemaker-training-toolkit INFO     Waiting for the process to finish and give a return code.
2026-10-02 16:43:23,515 sagemaker-training-toolkit INFO     Done waiting for a return code. Received 0 from exiting process.
2026-10-02 16:43:23,515 sagemaker-training-toolkit INFO     Reporting training SUCCESS
